127.0.0.1 - - [07/Oct/2016:00:34:52 +0530] "GET / HTTP/1.1" 404 994
0:0:0:0:0:0:0:1 - - [07/Oct/2016:00:35:25 +0530] "GET / HTTP/1.1" 404 994
0:0:0:0:0:0:0:1 - - [07/Oct/2016:00:35:26 +0530] "GET /favicon.ico HTTP/1.1" 404 1016
0:0:0:0:0:0:0:1 - - [07/Oct/2016:00:35:35 +0530] "GET /HelloWeb/hello HTTP/1.1" 200 304
0:0:0:0:0:0:0:1 - - [07/Oct/2016:00:35:42 +0530] "GET /HelloWeb/ HTTP/1.1" 404 992
0:0:0:0:0:0:0:1 - - [07/Oct/2016:00:35:48 +0530] "GET / HTTP/1.1" 404 994
0:0:0:0:0:0:0:1 - - [07/Oct/2016:00:35:59 +0530] "GET /HelloWeb/hello HTTP/1.1" 200 304
0:0:0:0:0:0:0:1 - - [07/Oct/2016:00:37:52 +0530] "GET /HelloWeb/hello HTTP/1.1" 404 1052
0:0:0:0:0:0:0:1 - - [07/Oct/2016:00:37:59 +0530] "GET /HelloWeb/ello HTTP/1.1" 404 992
0:0:0:0:0:0:0:1 - - [07/Oct/2016:00:38:24 +0530] "GET /HelloWeb/hello HTTP/1.1" 200 304
127.0.0.1 - - [07/Oct/2016:01:07:45 +0530] "GET / HTTP/1.1" 404 994
0:0:0:0:0:0:0:1 - - [07/Oct/2016:01:08:13 +0530] "GET /SpringMVC/student HTTP/1.1" 500 6045
0:0:0:0:0:0:0:1 - - [07/Oct/2016:01:09:28 +0530] "GET /SpringMVC/addstudent HTTP/1.1" 404 992
0:0:0:0:0:0:0:1 - - [07/Oct/2016:01:09:57 +0530] "GET /SpringMVC/addStudent HTTP/1.1" 405 1088
0:0:0:0:0:0:0:1 - - [07/Oct/2016:01:10:24 +0530] "GET /SpringMVC/student HTTP/1.1" 500 6045
0:0:0:0:0:0:0:1 - - [07/Oct/2016:01:23:05 +0530] "GET /SpringMVC/student HTTP/1.1" 500 5849
127.0.0.1 - - [07/Oct/2016:01:25:13 +0530] "GET / HTTP/1.1" 404 994
0:0:0:0:0:0:0:1 - - [07/Oct/2016:01:25:21 +0530] "GET /SpringMVC/student HTTP/1.1" 500 5849
0:0:0:0:0:0:0:1 - - [07/Oct/2016:01:25:29 +0530] "GET /SpringMVC/student HTTP/1.1" 500 5849
0:0:0:0:0:0:0:1 - - [07/Oct/2016:01:28:17 +0530] "GET /SpringMVC/student HTTP/1.1" 500 5849
127.0.0.1 - - [07/Oct/2016:01:28:47 +0530] "GET / HTTP/1.1" 404 994
127.0.0.1 - - [07/Oct/2016:01:31:26 +0530] "GET / HTTP/1.1" 404 994
0:0:0:0:0:0:0:1 - - [07/Oct/2016:01:31:32 +0530] "GET /SpringMVC/student HTTP/1.1" 500 5849
0:0:0:0:0:0:0:1 - - [07/Oct/2016:01:31:58 +0530] "GET /SpringMVC/ HTTP/1.1" 404 992
0:0:0:0:0:0:0:1 - - [07/Oct/2016:01:32:08 +0530] "GET /SpringMVC/student HTTP/1.1" 500 5849
127.0.0.1 - - [07/Oct/2016:01:47:02 +0530] "GET / HTTP/1.1" 404 994
0:0:0:0:0:0:0:1 - - [07/Oct/2016:01:47:09 +0530] "GET /SpringMVC/student HTTP/1.1" 500 5849
127.0.0.1 - - [07/Oct/2016:01:54:38 +0530] "GET / HTTP/1.1" 404 994
0:0:0:0:0:0:0:1 - - [07/Oct/2016:01:54:46 +0530] "GET /SpringMVC/student HTTP/1.1" 302 -
0:0:0:0:0:0:0:1 - - [07/Oct/2016:01:54:46 +0530] "GET /SpringMVC/student.jsp HTTP/1.1" 404 1036
127.0.0.1 - - [07/Oct/2016:01:55:32 +0530] "GET / HTTP/1.1" 404 994
0:0:0:0:0:0:0:1 - - [07/Oct/2016:01:55:38 +0530] "GET /SpringMVC/student.jsp HTTP/1.1" 404 1036
0:0:0:0:0:0:0:1 - - [07/Oct/2016:01:55:42 +0530] "GET /SpringMVC/student.jsp HTTP/1.1" 404 1036
0:0:0:0:0:0:0:1 - - [07/Oct/2016:01:55:47 +0530] "GET /SpringMVC/student.jsp HTTP/1.1" 404 1036
127.0.0.1 - - [07/Oct/2016:01:57:16 +0530] "GET / HTTP/1.1" 404 994
0:0:0:0:0:0:0:1 - - [07/Oct/2016:01:57:33 +0530] "GET /SpringMVC/student HTTP/1.1" 500 5849
127.0.0.1 - - [07/Oct/2016:01:58:47 +0530] "GET / HTTP/1.1" 404 994
0:0:0:0:0:0:0:1 - - [07/Oct/2016:01:58:53 +0530] "GET /SpringMVC/student HTTP/1.1" 302 -
0:0:0:0:0:0:0:1 - - [07/Oct/2016:01:58:53 +0530] "GET /SpringMVC/student.jsp HTTP/1.1" 404 1036
127.0.0.1 - - [07/Oct/2016:13:16:32 +0530] "GET / HTTP/1.1" 404 994
0:0:0:0:0:0:0:1 - - [07/Oct/2016:13:17:04 +0530] "GET /messenger/webapi/myresource/ HTTP/1.1" 404 1050
0:0:0:0:0:0:0:1 - - [07/Oct/2016:13:17:04 +0530] "GET /favicon.ico HTTP/1.1" 404 1016
0:0:0:0:0:0:0:1 - - [07/Oct/2016:13:17:30 +0530] "GET /SpringMVC/addStudent HTTP/1.1" 404 1066
0:0:0:0:0:0:0:1 - - [07/Oct/2016:13:18:06 +0530] "GET /SpringMVC/addStudent HTTP/1.1" 404 1066
0:0:0:0:0:0:0:1 - - [07/Oct/2016:13:19:16 +0530] "GET /SpringMVC/ HTTP/1.1" 404 992
127.0.0.1 - - [07/Oct/2016:13:22:10 +0530] "GET / HTTP/1.1" 404 994
0:0:0:0:0:0:0:1 - - [07/Oct/2016:13:22:28 +0530] "GET /SpringMVC/addStudent HTTP/1.1" 404 1066
0:0:0:0:0:0:0:1 - - [07/Oct/2016:13:22:49 +0530] "GET /SpringMVC/addStudent HTTP/1.1" 404 1066
0:0:0:0:0:0:0:1 - - [07/Oct/2016:13:23:26 +0530] "GET /SpringMVC/viewStudent HTTP/1.1" 405 1088
0:0:0:0:0:0:0:1 - - [07/Oct/2016:13:23:49 +0530] "GET /SpringMVC/addStudent HTTP/1.1" 404 1066
0:0:0:0:0:0:0:1 - - [07/Oct/2016:13:24:33 +0530] "GET /SpringMVC/addStudent/ HTTP/1.1" 404 1066
0:0:0:0:0:0:0:1 - - [07/Oct/2016:13:24:40 +0530] "GET /SpringMVC/addStudent HTTP/1.1" 404 1066
127.0.0.1 - - [07/Oct/2016:21:22:29 +0530] "GET / HTTP/1.1" 404 994
0:0:0:0:0:0:0:1 - - [07/Oct/2016:21:24:05 +0530] "GET /SpringMVC/addStudent HTTP/1.1" 404 1066
127.0.0.1 - - [07/Oct/2016:21:48:20 +0530] "GET / HTTP/1.1" 404 994
0:0:0:0:0:0:0:1 - - [07/Oct/2016:21:48:29 +0530] "GET /SpringMVC/addStudent HTTP/1.1" 404 1066
127.0.0.1 - - [07/Oct/2016:21:49:38 +0530] "GET / HTTP/1.1" 404 994
0:0:0:0:0:0:0:1 - - [07/Oct/2016:21:49:50 +0530] "GET /SpringMVC/student HTTP/1.1" 200 363
0:0:0:0:0:0:0:1 - - [07/Oct/2016:21:50:12 +0530] "POST /SpringMVC/viewStudent HTTP/1.1" 404 1068
127.0.0.1 - - [07/Oct/2016:21:51:29 +0530] "GET / HTTP/1.1" 404 994
0:0:0:0:0:0:0:1 - - [07/Oct/2016:21:51:37 +0530] "POST /SpringMVC/viewStudent HTTP/1.1" 404 992
0:0:0:0:0:0:0:1 - - [07/Oct/2016:21:51:45 +0530] "GET /SpringMVC/student HTTP/1.1" 200 358
0:0:0:0:0:0:0:1 - - [07/Oct/2016:21:51:49 +0530] "POST /SpringMVC/result HTTP/1.1" 200 294
0:0:0:0:0:0:0:1 - - [07/Oct/2016:21:52:48 +0530] "POST /SpringMVC/result HTTP/1.1" 200 294
0:0:0:0:0:0:0:1 - - [07/Oct/2016:21:52:54 +0530] "GET /SpringMVC/student HTTP/1.1" 200 358
0:0:0:0:0:0:0:1 - - [07/Oct/2016:21:52:56 +0530] "GET /SpringMVC/student HTTP/1.1" 200 358
127.0.0.1 - - [07/Oct/2016:21:53:44 +0530] "GET / HTTP/1.1" 404 994
0:0:0:0:0:0:0:1 - - [07/Oct/2016:21:53:52 +0530] "GET /SpringMVC/student HTTP/1.1" 200 358
0:0:0:0:0:0:0:1 - - [07/Oct/2016:21:53:54 +0530] "GET /SpringMVC/student HTTP/1.1" 200 358
127.0.0.1 - - [07/Oct/2016:21:55:27 +0530] "GET / HTTP/1.1" 404 994
0:0:0:0:0:0:0:1 - - [07/Oct/2016:21:57:16 +0530] "GET /SpringMVC/addStudent HTTP/1.1" 404 1066
0:0:0:0:0:0:0:1 - - [07/Oct/2016:22:03:43 +0530] "GET /SpringMVC/result HTTP/1.1" 405 1088
127.0.0.1 - - [07/Oct/2016:22:04:46 +0530] "GET / HTTP/1.1" 404 994
0:0:0:0:0:0:0:1 - - [07/Oct/2016:22:04:52 +0530] "GET /SpringMVC/result HTTP/1.1" 400 1105
0:0:0:0:0:0:0:1 - - [07/Oct/2016:22:05:25 +0530] "GET /SpringMVC/result/%7Baife%7D HTTP/1.1" 404 992
127.0.0.1 - - [07/Oct/2016:22:05:56 +0530] "GET / HTTP/1.1" 404 994
0:0:0:0:0:0:0:1 - - [07/Oct/2016:22:06:08 +0530] "GET /SpringMVC/addStudent HTTP/1.1" 404 1066
0:0:0:0:0:0:0:1 - - [07/Oct/2016:22:16:14 +0530] "GET /SpringMVC/addStudent/ HTTP/1.1" 404 1066
0:0:0:0:0:0:0:1 - - [07/Oct/2016:22:16:26 +0530] "GET /SpringMVC HTTP/1.1" 302 -
0:0:0:0:0:0:0:1 - - [07/Oct/2016:22:16:26 +0530] "GET /SpringMVC/ HTTP/1.1" 404 992
0:0:0:0:0:0:0:1 - - [07/Oct/2016:22:16:34 +0530] "GET / HTTP/1.1" 404 994
127.0.0.1 - - [07/Oct/2016:22:22:50 +0530] "GET / HTTP/1.1" 404 994
127.0.0.1 - - [07/Oct/2016:22:29:50 +0530] "GET / HTTP/1.1" 404 994
0:0:0:0:0:0:0:1 - - [07/Oct/2016:22:30:14 +0530] "GET /SpringMVC/addStudent HTTP/1.1" 404 1066
127.0.0.1 - - [07/Oct/2016:22:32:03 +0530] "GET / HTTP/1.1" 404 994
0:0:0:0:0:0:0:1 - - [07/Oct/2016:22:32:15 +0530] "GET /SpringMVC/addStudent.jsp HTTP/1.1" 404 1042
127.0.0.1 - - [07/Oct/2016:22:35:38 +0530] "GET / HTTP/1.1" 404 994
0:0:0:0:0:0:0:1 - - [07/Oct/2016:22:35:51 +0530] "GET /SpringMVC/addStudent HTTP/1.1" 404 1066
127.0.0.1 - - [07/Oct/2016:22:42:35 +0530] "GET / HTTP/1.1" 404 994
0:0:0:0:0:0:0:1 - - [07/Oct/2016:22:42:51 +0530] "GET /SpringMVC/addStudent HTTP/1.1" 404 992
0:0:0:0:0:0:0:1 - - [07/Oct/2016:22:43:01 +0530] "GET /SpringMVC/addStudent HTTP/1.1" 404 992
0:0:0:0:0:0:0:1 - - [07/Oct/2016:22:43:28 +0530] "GET /SpringMVC/addStudent HTTP/1.1" 404 992
0:0:0:0:0:0:0:1 - - [07/Oct/2016:22:43:55 +0530] "GET /SpringMVC/addStudent HTTP/1.1" 404 992
0:0:0:0:0:0:0:1 - - [07/Oct/2016:22:43:57 +0530] "GET /SpringMVC/addStudent HTTP/1.1" 404 992
0:0:0:0:0:0:0:1 - - [07/Oct/2016:22:47:22 +0530] "GET /SpringMVC/addStudent/ HTTP/1.1" 404 992
127.0.0.1 - - [07/Oct/2016:22:50:56 +0530] "GET / HTTP/1.1" 404 994
0:0:0:0:0:0:0:1 - - [07/Oct/2016:22:51:07 +0530] "GET /SpringMVC/addStudent HTTP/1.1" 404 1034
0:0:0:0:0:0:0:1 - - [07/Oct/2016:22:51:18 +0530] "GET /SpringMVC/addStudent HTTP/1.1" 404 1034
0:0:0:0:0:0:0:1 - - [07/Oct/2016:22:51:58 +0530] "GET /SpringMVC/hello/addStudent HTTP/1.1" 404 1078
127.0.0.1 - - [07/Oct/2016:23:02:29 +0530] "GET / HTTP/1.1" 404 994
127.0.0.1 - - [07/Oct/2016:23:11:20 +0530] "GET / HTTP/1.1" 404 994
0:0:0:0:0:0:0:1 - - [07/Oct/2016:23:11:29 +0530] "GET /SpringMVC/hello/addStudent HTTP/1.1" 404 1054
0:0:0:0:0:0:0:1 - - [07/Oct/2016:23:11:34 +0530] "GET /SpringMVC/hello/addStudent HTTP/1.1" 404 1054
127.0.0.1 - - [07/Oct/2016:23:13:03 +0530] "GET / HTTP/1.1" 404 994
0:0:0:0:0:0:0:1 - - [07/Oct/2016:23:13:13 +0530] "GET /SpringMVC/hello/addStudent HTTP/1.1" 404 1070
0:0:0:0:0:0:0:1 - - [07/Oct/2016:23:13:21 +0530] "GET /SpringMVC/hello/addStudent HTTP/1.1" 404 1070
0:0:0:0:0:0:0:1 - - [07/Oct/2016:23:13:23 +0530] "GET /SpringMVC/hello/addStudent HTTP/1.1" 404 1070
127.0.0.1 - - [07/Oct/2016:23:21:44 +0530] "GET / HTTP/1.1" 404 994
127.0.0.1 - - [07/Oct/2016:23:22:55 +0530] "GET / HTTP/1.1" 404 994
